

Working Directory = /home/ngominhduc/Documents/VKU_Project/UART_Design/synth
QoS Summary for uart_top
==========================================================================================
Metric                          generic         map             syn_opt         final          
==========================================================================================
Slack (ps):                    46,282          43,647          43,866          43,866
  R2R (ps):                    77,594          75,332          75,323          75,323
  I2R (ps):                    46,282          43,647          43,866          43,866
  R2O (ps):                    47,460          47,524          47,524          47,524
  I2O (ps):                  no_value        no_value        no_value        no_value
  CG  (ps):                  no_value        no_value        no_value        no_value
TNS (ps):                           0               0               0               0
  R2R (ps):                         0               0               0               0
  I2R (ps):                         0               0               0               0
  R2O (ps):                         0               0               0               0
  I2O (ps):                  no_value        no_value        no_value        no_value
  CG  (ps):                  no_value        no_value        no_value        no_value
Failing Paths:                      0               0               0               0
Cell Area:                     27,840          20,724          20,640          20,640
Total Cell Area:               27,840          20,724          20,640          20,640
Leaf Instances:                 1,462             956             943             943
Total Instances:                1,462             956             943             943
Utilization (%):                 0.00            0.00            0.00            0.00
Tot. Net Length (um):        no_value        no_value        no_value        no_value
Avg. Net Length (um):        no_value        no_value        no_value        no_value
Route Overflow H (%):        no_value        no_value        no_value        no_value
Route Overflow V (%):        no_value        no_value        no_value        no_value
MBCI(%) (bits/gate) :            0.00            0.00            0.00            0.00
Norm Cong Hotspot Area:
  Max Cong:                  no_value        no_value        no_value        no_value
  Tot Cong:                  no_value        no_value        no_value        no_value
==========================================================================================
CPU  Runtime (h:m:s):        00:00:37        00:00:11        00:00:05        00:00:00
Real Runtime (h:m:s):        00:00:34        00:00:13        00:00:08        00:00:02
CPU  Elapsed (h:m:s):        00:00:40        00:00:51        00:00:56        00:00:56
Real Elapsed (h:m:s):        00:00:35        00:00:48        00:00:55        00:00:58
Memory (MB):                  1645.66         1651.76         1651.58         1651.58
==========================================================================================
==========================================================================================
Flow Settings:
==========================================================================================
Total Runtime (h:m:s): 00:01:00
Total Memory (MB):     1651.58
Executable Version:    23.10-p004_1
==========================================================================================
Total Cell Area =  Cell Area + Physical Cell Area
Total Instances =  Leaf Instances + Physical Instances


