============================================================
  Generated by:           Genus(TM) Synthesis Solution 23.10-p004_1
  Generated on:           May 11 2026  10:27:04 pm
  Module:                 uart_top
  Library domain:         slow
    Domain index:         0
    Technology libraries: sky130_ss_1.62_125 1.0
                          physical_cells 
  Library domain:         fast
    Domain index:         1
    Technology libraries: sky130_ff_1.98_0 1.0
                          physical_cells 
  Library domain:         typ
    Domain index:         2
    Technology libraries: sky130_tt_1.8_25 1.0
                          physical_cells 
  Operating conditions:   ss_1.62_125 
  Operating conditions:   ff_1.98_0 
  Operating conditions:   tt_1.8_25 
  Interconnect mode:      global
  Area mode:              physical library
============================================================

Timing
--------

 Clock   Period 
----------------
sys_clk 83330.0 


  Cost    Critical         Violating 
 Group   Path Slack  TNS     Paths   
-------------------------------------
default    No paths   0.0            
sys_clk     43647.4   0.0          0 
-------------------------------------
Total                 0.0          0 

Instance Count
--------------
Leaf Instance Count             956 
Physical Instance count           0 
Sequential Instance Count       355 
Combinational Instance Count    601 
Hierarchical Instance Count      16 

Area
----
Cell Area                          20723.681
Physical Cell Area                 0.000
Total Cell Area (Cell+Physical)    20723.681
Net Area                           22420.371
Total Area (Cell+Physical+Net)     43144.052

Runtime                            0.0 seconds
Elapsed Runtime                    51 seconds
Genus peak memory usage            1651.76 
Innovus peak memory usage          no_value 
Hostname                           localhost-0
