============================================================
  Generated by:           Genus(TM) Synthesis Solution 23.10-p004_1
  Generated on:           May 11 2026  10:27:03 pm
  Module:                 uart_top
  Library domain:         slow
    Domain index:         0
    Technology libraries: sky130_ss_1.62_125 1.0
                          physical_cells 
  Library domain:         fast
    Domain index:         1
    Technology libraries: sky130_ff_1.98_0 1.0
                          physical_cells 
  Library domain:         typ
    Domain index:         2
    Technology libraries: sky130_tt_1.8_25 1.0
                          physical_cells 
  Operating conditions:   ss_1.62_125 
  Operating conditions:   ff_1.98_0 
  Operating conditions:   tt_1.8_25 
  Interconnect mode:      global
  Area mode:              physical library
============================================================

        Instance                                  Module                           Cell-Count  Cell-Area  Net-Area   Total-Area 
--------------------------------------------------------------------------------------------------------------------------------
uart_top                 NA                                                               956  20723.681 22420.372    43144.052 
  rx_inst                uart_rx_module_DATA_WIDTH8_FIFO_DEPTH16_FIFO_ADDR_WIDTH4         496  10630.361 11195.291    21825.652 
    bau_gen_inst         baurate_gen_BAUDCOUNT78                                           27    476.100   500.068      976.168 
    fifo_inst            FIFO_DEPTH16_ADDR_WIDTH4_DATA_WIDTH8                             347   8278.427  7568.629    15847.055 
      memory_inst        FIFO_Memory_DEPTH16_DATA_WIDTH8                                  291   7396.690  6320.802    13717.492 
      read_pointer_inst  FIFO_Read_Pointer_ADDR_WIDTH4                                     12    253.285   136.899      390.185 
      state_inst         FIFO_State_ADDR_WIDTH4                                            32    375.167   480.989      856.156 
      write_pointer_inst FIFO_Write_Pointer_ADDR_WIDTH4                                    12    253.285   136.899      390.185 
    uart_rx_inst         uart_rx_DATA_WIDTH8                                              119   1824.415  2079.264     3903.679 
  tx_inst                uart_tx_module_DATA_WIDTH8                                       460  10093.320  9906.964    20000.284 
    bau_gen_inst         baurate_gen_BAUDCOUNT78_89                                        27    476.100   500.068      976.168 
    fifo_inst            FIFO_DEPTH16_ADDR_WIDTH4_DATA_WIDTH8_84                          347   8278.427  7568.629    15847.055 
      memory_inst        FIFO_Memory_DEPTH16_DATA_WIDTH8_85                               291   7396.690  6320.802    13717.492 
      read_pointer_inst  FIFO_Read_Pointer_ADDR_WIDTH4_86                                  12    253.285   136.899      390.185 
      state_inst         FIFO_State_ADDR_WIDTH4_87                                         32    375.167   480.989      856.156 
      write_pointer_inst FIFO_Write_Pointer_ADDR_WIDTH4_88                                 12    253.285   136.899      390.185 
    uart_tx_inst         uart_tx_DATAWIDTH8                                                81   1277.852  1540.369     2818.222 
