============================================================
  Generated by:           Genus(TM) Synthesis Solution 23.10-p004_1
  Generated on:           May 11 2026  10:27:10 pm
  Module:                 uart_top
  Library domain:         slow
    Domain index:         0
    Technology libraries: sky130_ss_1.62_125 1.0
                          physical_cells 
  Library domain:         fast
    Domain index:         1
    Technology libraries: sky130_ff_1.98_0 1.0
                          physical_cells 
  Library domain:         typ
    Domain index:         2
    Technology libraries: sky130_tt_1.8_25 1.0
                          physical_cells 
  Operating conditions:   ss_1.62_125 
  Operating conditions:   ff_1.98_0 
  Operating conditions:   tt_1.8_25 
  Interconnect mode:      global
  Area mode:              physical library
============================================================

        Instance                                  Module                           Cell-Count  Cell-Area  Net-Area   Total-Area 
--------------------------------------------------------------------------------------------------------------------------------
uart_top                 NA                                                               943  20639.887 22270.753    42910.640 
  rx_inst                uart_rx_module_DATA_WIDTH8_FIFO_DEPTH16_FIFO_ADDR_WIDTH4         489  10582.751 11110.607    21693.358 
    bau_gen_inst         baurate_gen_BAUDCOUNT78                                           26    470.387   493.708      964.095 
    fifo_inst            FIFO_DEPTH16_ADDR_WIDTH4_DATA_WIDTH8                             343   8259.383  7516.413    15775.795 
      memory_inst        FIFO_Memory_DEPTH16_DATA_WIDTH8                                  291   7396.690  6320.802    13717.492 
      read_pointer_inst  FIFO_Read_Pointer_ADDR_WIDTH4                                     10    243.763   104.432      348.195 
      state_inst         FIFO_State_ADDR_WIDTH4                                            32    375.167   480.989      856.156 
      write_pointer_inst FIFO_Write_Pointer_ADDR_WIDTH4                                    10    243.763   104.432      348.195 
    uart_rx_inst         uart_rx_DATA_WIDTH8                                              117   1801.562  2053.156     3854.719 
  tx_inst                uart_tx_module_DATA_WIDTH8                                       453  10047.614  9828.975    19876.589 
    bau_gen_inst         baurate_gen_BAUDCOUNT78_89                                        26    470.387   493.708      964.095 
    fifo_inst            FIFO_DEPTH16_ADDR_WIDTH4_DATA_WIDTH8_84                          343   8259.383  7516.413    15775.795 
      memory_inst        FIFO_Memory_DEPTH16_DATA_WIDTH8_85                               291   7396.690  6320.802    13717.492 
      read_pointer_inst  FIFO_Read_Pointer_ADDR_WIDTH4_86                                  10    243.763   104.432      348.195 
      state_inst         FIFO_State_ADDR_WIDTH4_87                                         32    375.167   480.989      856.156 
      write_pointer_inst FIFO_Write_Pointer_ADDR_WIDTH4_88                                 10    243.763   104.432      348.195 
    uart_tx_inst         uart_tx_DATAWIDTH8                                                79   1256.904  1520.956     2777.860 
