============================================================
  Generated by:           Genus(TM) Synthesis Solution 23.10-p004_1
  Generated on:           May 11 2026  10:27:10 pm
  Module:                 uart_top
  Library domain:         slow
    Domain index:         0
    Technology libraries: sky130_ss_1.62_125 1.0
                          physical_cells 
  Library domain:         fast
    Domain index:         1
    Technology libraries: sky130_ff_1.98_0 1.0
                          physical_cells 
  Library domain:         typ
    Domain index:         2
    Technology libraries: sky130_tt_1.8_25 1.0
                          physical_cells 
  Operating conditions:   ss_1.62_125 
  Operating conditions:   ff_1.98_0 
  Operating conditions:   tt_1.8_25 
  Interconnect mode:      global
  Area mode:              physical library
============================================================

                                  Leakage                        Library 
   Gate    Instances    Area    Power (nW)        Library         Domain 
-------------------------------------------------------------------------
ADDHX1            24    502.762     82.117    sky130_ss_1.62_125    slow 
AND2X1             9     85.698     18.119    sky130_ss_1.62_125    slow 
AND2X2             6     57.132      9.546    sky130_ss_1.62_125    slow 
AND3X2             3     34.279      6.395    sky130_ss_1.62_125    slow 
AOI211X1           1     11.426      0.172    sky130_ss_1.62_125    slow 
AOI21X1            2     19.044      0.540    sky130_ss_1.62_125    slow 
AOI221X1          33    439.916      1.685    sky130_ss_1.62_125    slow 
AOI222X1          24    411.350      2.691    sky130_ss_1.62_125    slow 
AOI22X1           94   1074.082     10.508    sky130_ss_1.62_125    slow 
BUFX2              1      9.522      1.803    sky130_ss_1.62_125    slow 
CLKAND2X2         25    238.050     41.691    sky130_ss_1.62_125    slow 
CLKINVX2          92    525.614     50.201    sky130_ss_1.62_125    slow 
CLKMX2X2           4     60.941      7.601    sky130_ss_1.62_125    slow 
CLKXOR2X1         14    186.631     46.997    sky130_ss_1.62_125    slow 
DFFRX1            18    685.584    137.392    sky130_ss_1.62_125    slow 
DFFSX1             2     76.176     16.372    sky130_ss_1.62_125    slow 
DFFX1             74   2536.661    489.637    sky130_ss_1.62_125    slow 
INVX2             24    137.117     12.766    sky130_ss_1.62_125    slow 
MX2X1             12    182.822     19.236    sky130_ss_1.62_125    slow 
NAND2X1           60    457.056     11.433    sky130_ss_1.62_125    slow 
NAND3X1           34    323.748     23.282    sky130_ss_1.62_125    slow 
NAND4X1           18    205.675     18.369    sky130_ss_1.62_125    slow 
NOR2X1            70    533.232     11.915    sky130_ss_1.62_125    slow 
NOR3X1             6     57.132      0.863    sky130_ss_1.62_125    slow 
NOR3X2             1     15.235      0.151    sky130_ss_1.62_125    slow 
OAI211X1           6     68.558      2.755    sky130_ss_1.62_125    slow 
OAI21X1            6     57.132      2.077    sky130_ss_1.62_125    slow 
OAI221X1           1     13.331      0.597    sky130_ss_1.62_125    slow 
OAI22X1            5     57.132      1.915    sky130_ss_1.62_125    slow 
OR2X1              5     47.610      4.373    sky130_ss_1.62_125    slow 
OR2X2              3     28.566      2.196    sky130_ss_1.62_125    slow 
OR3X1              1     11.426      0.939    sky130_ss_1.62_125    slow 
OR3X2              1     11.426      0.828    sky130_ss_1.62_125    slow 
SDFFX1           261  11432.113   2267.899    sky130_ss_1.62_125    slow 
XNOR2X1            3     45.706     10.265    sky130_ss_1.62_125    slow 
-------------------------------------------------------------------------
total            943  20639.887   3315.324                       


                                            Leakage  Leakage 
     Type      Instances    Area   Area % Power (nW) Power % 
-------------------------------------------------------------
sequential           355 14730.534   71.4   2911.300    87.8 
inverter             116   662.731    3.2     62.967     1.9 
buffer                 1     9.522    0.0      1.803     0.1 
logic                471  5237.100   25.4    339.254    10.2 
physical_cells         0     0.000    0.0      0.000     0.0 
-------------------------------------------------------------
total                943 20639.887  100.0   3315.324   100.0 

