============================================================
  Generated by:           Genus(TM) Synthesis Solution 23.10-p004_1
  Generated on:           May 11 2026  10:27:15 pm
  Module:                 uart_top
  Library domain:         slow
    Domain index:         0
    Technology libraries: sky130_ss_1.62_125 1.0
                          physical_cells 
  Library domain:         fast
    Domain index:         1
    Technology libraries: sky130_ff_1.98_0 1.0
                          physical_cells 
  Library domain:         typ
    Domain index:         2
    Technology libraries: sky130_tt_1.8_25 1.0
                          physical_cells 
  Operating conditions:   ss_1.62_125 
  Operating conditions:   ff_1.98_0 
  Operating conditions:   tt_1.8_25 
  Interconnect mode:      global
  Area mode:              physical library
============================================================

            Pin                       Type         Fanout Load Slew  Delay Arrival   
                                     (Domain)             (fF) (ps)  (ps)    (ps)    
-------------------------------------------------------------------------------------
(clock sys_clk)                   launch                                         0 R 
(constraint.sdc_line_16_2_1)      ext delay                         +33000   33000 R 
rx_read_en                        in port               1 10.4   79    +52   33052 R 
rx_inst/read_en 
  fifo_inst/rd_en 
    read_pointer_inst/rd_en 
      g2/B                                                              +0   33053   
      g2/Y                        CLKAND2X2(slow)       9 71.1  399   +407   33459 R 
    read_pointer_inst/can_read 
    memory_inst/can_read 
      g4595/A                                                           +0   33459   
      g4595/Y                     CLKINVX2(slow)        9 67.1  260   +371   33831 F 
      g4571__2346/C                                                     +0   33831   
      g4571__2346/Y               NOR3X1(slow)          3 24.9  882   +727   34557 R 
      g4568/A                                                           +0   34557   
      g4568/Y                     CLKINVX2(slow)        2 17.8  211   +298   34856 F 
      g4551__3680/B                                                     +0   34856   
      g4551__3680/Y               NOR2X1(slow)          8 59.6 1296  +1018   35874 R 
      g4525__2802/A1                                                    +0   35874   
      g4525__2802/Y               AOI22X1(slow)         1 10.8  400   +580   36453 F 
      g4343__6161/A                                                     +0   36453   
      g4343__6161/Y               NAND3X1(slow)         1 11.0  226   +297   36750 R 
      g4325__5107/C0                                                    +0   36750   
      g4325__5107/Y               AOI221X1(slow)        1 10.9  417   +176   36926 F 
      g4320__1666/D                                                     +0   36926   
      g4320__1666/Y               NAND4X1(slow)         1  9.6  222   +262   37187 R 
      dout_reg[7]/D          <<<  DFFX1(slow)                           +0   37187   
      dout_reg[7]/CK              setup                           0   +277   37464 R 
- - - - - - - - - - - - - - - - - - - - - - - - - - - - - - - - - - - - - - - - - - -
(clock sys_clk)                   capture                                    83330 R 
                                  uncertainty                        -2000   81330 R 
-------------------------------------------------------------------------------------
Cost Group   : 'sys_clk' (path_group 'sys_clk')
Timing slack :   43866ps 
Start-point  : rx_read_en
End-point    : rx_inst/fifo_inst/memory_inst/dout_reg[7]/D

