============================================================
  Generated by:           Genus(TM) Synthesis Solution 23.10-p004_1
  Generated on:           May 13 2026  05:15:02 pm
  Module:                 uart_top
  Library domain:         slow
    Domain index:         0
    Technology libraries: sky130_ss_1.62_125_LP 1.0
                          sky130_ss_1.62_125 1.0
                          sky130_ss_1.62_125_HS 1.0
                          physical_cells 
  Library domain:         fast
    Domain index:         1
    Technology libraries: sky130_ff_1.98_0_LP 1.0
                          sky130_ff_1.98_0 1.0
                          sky130_ff_1.98_0_HS 1.0
                          physical_cells 
  Library domain:         typ
    Domain index:         2
    Technology libraries: sky130_tt_1.8_25 1.0
                          physical_cells 
  Operating conditions:   ss_1.62_125 
  Operating conditions:   ff_1.98_0 
  Operating conditions:   tt_1.8_25 
  Interconnect mode:      global
  Area mode:              physical library
============================================================

        Instance                                  Module                           Cell-Count  Cell-Area  Net-Area   Total-Area 
--------------------------------------------------------------------------------------------------------------------------------
uart_top                 NA                                                               934  21952.019 18488.112    40440.131 
  rx_inst                uart_rx_module_DATA_WIDTH8_FIFO_DEPTH16_FIFO_ADDR_WIDTH4         484  11317.849  9279.703    20597.553 
    bau_gen_inst         baurate_gen_BAUDCOUNT78                                           25    550.372   461.575     1011.947 
    fifo_inst            FIFO_DEPTH16_ADDR_WIDTH4_DATA_WIDTH8                             339   8491.720  5627.937    14119.657 
      memory_inst        FIFO_Memory_DEPTH16_DATA_WIDTH8                                  294   7478.579  4561.193    12039.772 
      read_pointer_inst  FIFO_Read_Pointer_ADDR_WIDTH4                                      9    260.903    91.378      352.281 
      state_inst         FIFO_State_ADDR_WIDTH4                                            25    434.203   397.309      831.513 
      write_pointer_inst FIFO_Write_Pointer_ADDR_WIDTH4                                    10    281.851    91.378      373.229 
    uart_rx_inst         uart_rx_DATA_WIDTH8                                              116   2203.391  2117.087     4320.478 
  tx_inst                uart_tx_module_DATA_WIDTH8                                       450  10634.170  8017.484    18651.654 
    bau_gen_inst         baurate_gen_BAUDCOUNT78_87                                        25    550.372   461.575     1011.947 
    fifo_inst            FIFO_DEPTH16_ADDR_WIDTH4_DATA_WIDTH8_82                          336   8518.381  5639.652    14158.034 
      memory_inst        FIFO_Memory_DEPTH16_DATA_WIDTH8_83                               291   7474.770  4515.672    11990.442 
      read_pointer_inst  FIFO_Read_Pointer_ADDR_WIDTH4_84                                   9    260.903    91.378      352.281 
      state_inst         FIFO_State_ADDR_WIDTH4_85                                         25    434.203   397.309      831.513 
      write_pointer_inst FIFO_Write_Pointer_ADDR_WIDTH4_86                                 10    312.322    91.378      403.699 
    uart_tx_inst         uart_tx_DATAWIDTH8                                                84   1493.050  1669.235     3162.285 
