============================================================
  Generated by:           Genus(TM) Synthesis Solution 23.10-p004_1
  Generated on:           May 13 2026  05:15:02 pm
  Module:                 uart_top
  Library domain:         slow
    Domain index:         0
    Technology libraries: sky130_ss_1.62_125_LP 1.0
                          sky130_ss_1.62_125 1.0
                          sky130_ss_1.62_125_HS 1.0
                          physical_cells 
  Library domain:         fast
    Domain index:         1
    Technology libraries: sky130_ff_1.98_0_LP 1.0
                          sky130_ff_1.98_0 1.0
                          sky130_ff_1.98_0_HS 1.0
                          physical_cells 
  Library domain:         typ
    Domain index:         2
    Technology libraries: sky130_tt_1.8_25 1.0
                          physical_cells 
  Operating conditions:   ss_1.62_125 
  Operating conditions:   ff_1.98_0 
  Operating conditions:   tt_1.8_25 
  Interconnect mode:      global
  Area mode:              physical library
============================================================

Timing
--------

 Clock   Period 
----------------
sys_clk 83330.0 


          Cost            Critical         Violating 
         Group           Path Slack  TNS     Paths   
-----------------------------------------------------
cg_enable_group_sys_clk      2739.0   0.0          0 
default                    No paths   0.0            
sys_clk                     46426.1   0.0          0 
-----------------------------------------------------
Total                                 0.0          0 

Instance Count
--------------
Leaf Instance Count             934 
Physical Instance count           0 
Sequential Instance Count       392 
Combinational Instance Count    542 
Hierarchical Instance Count      53 

Area
----
Cell Area                          21952.019
Physical Cell Area                 0.000
Total Cell Area (Cell+Physical)    21952.019
Net Area                           18488.112
Total Area (Cell+Physical+Net)     40440.131

Runtime                            0.0 seconds
Elapsed Runtime                    69 seconds
Genus peak memory usage            1758.24 
Innovus peak memory usage          no_value 
Hostname                           localhost-0
