============================================================
  Generated by:           Genus(TM) Synthesis Solution 23.10-p004_1
  Generated on:           May 13 2026  05:14:47 pm
  Module:                 uart_top
  Library domain:         slow
    Domain index:         0
    Technology libraries: sky130_ss_1.62_125_LP 1.0
                          sky130_ss_1.62_125 1.0
                          sky130_ss_1.62_125_HS 1.0
                          physical_cells 
  Library domain:         fast
    Domain index:         1
    Technology libraries: sky130_ff_1.98_0_LP 1.0
                          sky130_ff_1.98_0 1.0
                          sky130_ff_1.98_0_HS 1.0
                          physical_cells 
  Library domain:         typ
    Domain index:         2
    Technology libraries: sky130_tt_1.8_25 1.0
                          physical_cells 
  Operating conditions:   ss_1.62_125 
  Operating conditions:   ff_1.98_0 
  Operating conditions:   tt_1.8_25 
  Interconnect mode:      global
  Area mode:              physical library
============================================================

        Instance                                  Module                           Cell-Count  Cell-Area  Net-Area   Total-Area 
--------------------------------------------------------------------------------------------------------------------------------
uart_top                 NA                                                               944  22405.266 18571.457    40976.723 
  rx_inst                uart_rx_module_DATA_WIDTH8_FIFO_DEPTH16_FIFO_ADDR_WIDTH4         489  11536.855  9140.126    20676.982 
    bau_gen_inst         baurate_gen_BAUDCOUNT78                                           26    569.416   467.935     1037.350 
    fifo_inst            FIFO_DEPTH16_ADDR_WIDTH4_DATA_WIDTH8                             342   8666.924  5660.405    14327.329 
      memory_inst        FIFO_Memory_DEPTH16_DATA_WIDTH8                                  297   7537.615  4580.941    12118.557 
      read_pointer_inst  FIFO_Read_Pointer_ADDR_WIDTH4                                     10    342.792    91.378      434.170 
      state_inst         FIFO_State_ADDR_WIDTH4                                            25    443.725   397.309      841.035 
      write_pointer_inst FIFO_Write_Pointer_ADDR_WIDTH4                                    10    342.792    91.378      434.170 
    uart_rx_inst         uart_rx_DATA_WIDTH8                                              118   2237.670  2066.210     4303.880 
  tx_inst                uart_tx_module_DATA_WIDTH8                                       455  10868.411  8055.977    18924.388 
    bau_gen_inst         baurate_gen_BAUDCOUNT78_87                                        26    569.416   467.935     1037.350 
    fifo_inst            FIFO_DEPTH16_ADDR_WIDTH4_DATA_WIDTH8_82                          337   8649.785  5646.012    14295.797 
      memory_inst        FIFO_Memory_DEPTH16_DATA_WIDTH8_83                               292   7520.476  4515.672    12036.147 
      read_pointer_inst  FIFO_Read_Pointer_ADDR_WIDTH4_84                                  10    342.792    91.378      434.170 
      state_inst         FIFO_State_ADDR_WIDTH4_85                                         25    443.725   397.309      841.035 
      write_pointer_inst FIFO_Write_Pointer_ADDR_WIDTH4_86                                 10    342.792    91.378      434.170 
    uart_tx_inst         uart_tx_DATAWIDTH8                                                87   1574.939  1695.009     3269.947 
