============================================================
  Generated by:           Genus(TM) Synthesis Solution 23.10-p004_1
  Generated on:           May 13 2026  05:14:47 pm
  Module:                 uart_top
  Library domain:         slow
    Domain index:         0
    Technology libraries: sky130_ss_1.62_125_LP 1.0
                          sky130_ss_1.62_125 1.0
                          sky130_ss_1.62_125_HS 1.0
                          physical_cells 
  Library domain:         fast
    Domain index:         1
    Technology libraries: sky130_ff_1.98_0_LP 1.0
                          sky130_ff_1.98_0 1.0
                          sky130_ff_1.98_0_HS 1.0
                          physical_cells 
  Library domain:         typ
    Domain index:         2
    Technology libraries: sky130_tt_1.8_25 1.0
                          physical_cells 
  Operating conditions:   ss_1.62_125 
  Operating conditions:   ff_1.98_0 
  Operating conditions:   tt_1.8_25 
  Interconnect mode:      global
  Area mode:              physical library
============================================================

                                     Leakage                           Library 
    Gate      Instances    Area    Power (nW)          Library          Domain 
-------------------------------------------------------------------------------
ADDHX1_LP            26    643.687      1.529    sky130_ss_1.62_125_LP    slow 
AND3X2_LP            10    152.352      0.277    sky130_ss_1.62_125_LP    slow 
AND4X2_LP             2     30.470      0.021    sky130_ss_1.62_125_LP    slow 
AOI211X2_LP           1     13.331      0.004    sky130_ss_1.62_125_LP    slow 
AOI21X2_LP            6     68.558      0.077    sky130_ss_1.62_125_LP    slow 
AOI221X1_LP          50    856.980      0.678    sky130_ss_1.62_125_LP    slow 
AOI222X2_LP          12    228.528      0.229    sky130_ss_1.62_125_LP    slow 
AOI22X2_LP           23    306.608      0.299    sky130_ss_1.62_125_LP    slow 
CLKAND2X2_LP         37    422.777      0.780    sky130_ss_1.62_125_LP    slow 
CLKBUFX2_LP           3     34.279      0.046    sky130_ss_1.62_125_LP    slow 
CLKINVX1_LP          29    276.138      0.229    sky130_ss_1.62_125_LP    slow 
DFFRX1_LP             2     79.985      0.186    sky130_ss_1.62_125_LP    slow 
DFFRX4_LP            16    883.642      2.509    sky130_ss_1.62_125_LP    slow 
DFFX1_LP            321  12226.248     29.819    sky130_ss_1.62_125_LP    slow 
DFFX4_LP             14    666.540      2.024    sky130_ss_1.62_125_LP    slow 
ICGPRECX1            39   1411.160    201.377    sky130_ss_1.62_125       slow 
INVX16_LP             1     20.948      0.066    sky130_ss_1.62_125_LP    slow 
INVX1_LP             69    525.614      0.603    sky130_ss_1.62_125_LP    slow 
INVX4_LP              1      9.522      0.011    sky130_ss_1.62_125_LP    slow 
MX2X1_LP             15    257.094      0.472    sky130_ss_1.62_125_LP    slow 
NAND2X2_LP           64    609.408      0.451    sky130_ss_1.62_125_LP    slow 
NAND3X2_LP            3     34.279      0.019    sky130_ss_1.62_125_LP    slow 
NAND4X2_LP            5     66.654      0.043    sky130_ss_1.62_125_LP    slow 
NOR2X2_LP            76    723.672      0.591    sky130_ss_1.62_125_LP    slow 
NOR3X2_LP            15    171.396      0.107    sky130_ss_1.62_125_LP    slow 
NOR3X4_LP             1     19.044      0.008    sky130_ss_1.62_125_LP    slow 
OAI211X2_LP          17    226.624      0.202    sky130_ss_1.62_125_LP    slow 
OAI21X2_LP            1     11.426      0.010    sky130_ss_1.62_125_LP    slow 
OAI221X2_LP          33    502.762      0.442    sky130_ss_1.62_125_LP    slow 
OAI222X2_LP          16    304.704      0.229    sky130_ss_1.62_125_LP    slow 
OR2X1_LP              9    102.838      0.138    sky130_ss_1.62_125_LP    slow 
OR2X2_LP              1     11.426      0.018    sky130_ss_1.62_125_LP    slow 
OR3X1_LP              1     13.331      0.016    sky130_ss_1.62_125_LP    slow 
SDFFSX1_LP            2     99.029      0.253    sky130_ss_1.62_125_LP    slow 
XNOR2X2_LP            6    102.838      0.271    sky130_ss_1.62_125_LP    slow 
XOR2X2_LP            17    291.373      0.739    sky130_ss_1.62_125_LP    slow 
-------------------------------------------------------------------------------
total               944  22405.266    244.776                          


                                                        Leakage  Leakage 
       Library        Instances Instances %    Area   Power (nW) Power % 
-------------------------------------------------------------------------
sky130_ss_1.62_125           39         4.1  1411.160    201.377    82.3 
sky130_ss_1.62_125_LP       905        95.9 20994.106     43.399    17.7 

                                                          Leakage  Leakage 
            Type             Instances    Area   Area % Power (nW) Power % 
---------------------------------------------------------------------------
sequential                         355 13955.443   62.3     34.791    14.2 
inverter                           100   832.223    3.7      0.910     0.4 
buffer                               3    34.279    0.2      0.046     0.0 
clock_gating_integrated_cell        39  1411.160    6.3    201.377    82.3 
logic                              447  6172.160   27.5      7.652     3.1 
physical_cells                       0     0.000    0.0      0.000     0.0 
---------------------------------------------------------------------------
total                              944 22405.266  100.0    244.776   100.0 

