============================================================
  Generated by:           Genus(TM) Synthesis Solution 23.10-p004_1
  Generated on:           May 13 2026  05:15:00 pm
  Module:                 uart_top
  Library domain:         slow
    Domain index:         0
    Technology libraries: sky130_ss_1.62_125_LP 1.0
                          sky130_ss_1.62_125 1.0
                          sky130_ss_1.62_125_HS 1.0
                          physical_cells 
  Library domain:         fast
    Domain index:         1
    Technology libraries: sky130_ff_1.98_0_LP 1.0
                          sky130_ff_1.98_0 1.0
                          sky130_ff_1.98_0_HS 1.0
                          physical_cells 
  Library domain:         typ
    Domain index:         2
    Technology libraries: sky130_tt_1.8_25 1.0
                          physical_cells 
  Operating conditions:   ss_1.62_125 
  Operating conditions:   ff_1.98_0 
  Operating conditions:   tt_1.8_25 
  Interconnect mode:      global
  Area mode:              physical library
============================================================

                                     Leakage                           Library 
    Gate      Instances    Area    Power (nW)          Library          Domain 
-------------------------------------------------------------------------------
ADDHX1_LP            27    668.444      1.576    sky130_ss_1.62_125_LP    slow 
AND2X1                8     76.176     12.002    sky130_ss_1.62_125       slow 
AND3X2_LP            12    182.822      0.294    sky130_ss_1.62_125_LP    slow 
AND4X2_LP             2     30.470      0.021    sky130_ss_1.62_125_LP    slow 
AOI211X2_LP           3     39.992      0.027    sky130_ss_1.62_125_LP    slow 
AOI21X2_LP            8     91.411      0.105    sky130_ss_1.62_125_LP    slow 
AOI221X1_LP          50    856.980      0.683    sky130_ss_1.62_125_LP    slow 
AOI222X2_LP           9    171.396      0.176    sky130_ss_1.62_125_LP    slow 
AOI22X2_LP           22    293.278      0.285    sky130_ss_1.62_125_LP    slow 
CLKAND2X2_LP         27    308.513      0.596    sky130_ss_1.62_125_LP    slow 
CLKBUFX2_LP           2     22.853      0.026    sky130_ss_1.62_125_LP    slow 
CLKINVX1_LP           1      9.522      0.011    sky130_ss_1.62_125_LP    slow 
DFFRX1_LP            14    559.894      1.387    sky130_ss_1.62_125_LP    slow 
DFFRX4_LP             4    220.910      0.627    sky130_ss_1.62_125_LP    slow 
DFFX1_LP            326  12416.688     30.271    sky130_ss_1.62_125_LP    slow 
DFFX4_LP              9    428.490      1.309    sky130_ss_1.62_125_LP    slow 
ICGPRECX1            37   1338.793    190.723    sky130_ss_1.62_125       slow 
INVX1_LP             87    662.731      0.742    sky130_ss_1.62_125_LP    slow 
MX2X1_LP             14    239.954      0.438    sky130_ss_1.62_125_LP    slow 
NAND2X1_LP           29    276.138      0.200    sky130_ss_1.62_125_LP    slow 
NAND2X2_LP           34    323.748      0.241    sky130_ss_1.62_125_LP    slow 
NAND3X2_LP            7     79.985      0.047    sky130_ss_1.62_125_LP    slow 
NAND4X2_LP            3     39.992      0.032    sky130_ss_1.62_125_LP    slow 
NOR2X2                1     11.426      0.378    sky130_ss_1.62_125       slow 
NOR2X2_LP            78    742.716      0.606    sky130_ss_1.62_125_LP    slow 
NOR3X2                1     15.235      0.231    sky130_ss_1.62_125       slow 
NOR3X2_LP            13    148.543      0.096    sky130_ss_1.62_125_LP    slow 
OAI211X2_LP          18    239.954      0.211    sky130_ss_1.62_125_LP    slow 
OAI21X2_LP            3     34.279      0.025    sky130_ss_1.62_125_LP    slow 
OAI221X2_LP          32    487.526      0.434    sky130_ss_1.62_125_LP    slow 
OAI222X2_LP          16    304.704      0.229    sky130_ss_1.62_125_LP    slow 
OAI22X2_LP            1     13.331      0.012    sky130_ss_1.62_125_LP    slow 
OR2X1_LP             10    114.264      0.151    sky130_ss_1.62_125_LP    slow 
OR2X2_LP              1     11.426      0.018    sky130_ss_1.62_125_LP    slow 
OR3X1_LP              1     13.331      0.016    sky130_ss_1.62_125_LP    slow 
SDFFSX1_LP            2     99.029      0.253    sky130_ss_1.62_125_LP    slow 
XNOR2X2_LP            6    102.838      0.271    sky130_ss_1.62_125_LP    slow 
XOR2X2_LP            16    274.234      0.705    sky130_ss_1.62_125_LP    slow 
-------------------------------------------------------------------------------
total               934  21952.019    245.457                          


                                                        Leakage  Leakage 
       Library        Instances Instances %    Area   Power (nW) Power % 
-------------------------------------------------------------------------
sky130_ss_1.62_125           47         5.0  1441.631    203.334    82.8 
sky130_ss_1.62_125_LP       887        95.0 20510.388     42.123    17.2 

                                                          Leakage  Leakage 
            Type             Instances    Area   Area % Power (nW) Power % 
---------------------------------------------------------------------------
sequential                         355 13725.011   62.5     33.847    13.8 
inverter                            88   672.253    3.1      0.753     0.3 
buffer                               2    22.853    0.1      0.026     0.0 
clock_gating_integrated_cell        37  1338.793    6.1    190.723    77.7 
logic                              452  6193.109   28.2     20.108     8.2 
physical_cells                       0     0.000    0.0      0.000     0.0 
---------------------------------------------------------------------------
total                              934 21952.019  100.0    245.457   100.0 

