============================================================
  Generated by:           Genus(TM) Synthesis Solution 23.10-p004_1
  Generated on:           May 13 2026  05:15:04 pm
  Module:                 uart_top
  Library domain:         slow
    Domain index:         0
    Technology libraries: sky130_ss_1.62_125_LP 1.0
                          sky130_ss_1.62_125 1.0
                          sky130_ss_1.62_125_HS 1.0
                          physical_cells 
  Library domain:         fast
    Domain index:         1
    Technology libraries: sky130_ff_1.98_0_LP 1.0
                          sky130_ff_1.98_0 1.0
                          sky130_ff_1.98_0_HS 1.0
                          physical_cells 
  Library domain:         typ
    Domain index:         2
    Technology libraries: sky130_tt_1.8_25 1.0
                          physical_cells 
  Operating conditions:   ss_1.62_125 
  Operating conditions:   ff_1.98_0 
  Operating conditions:   tt_1.8_25 
  Interconnect mode:      global
  Area mode:              physical library
============================================================

            Pin                         Type          Fanout Load Slew  Delay Arrival   
                                       (Domain)              (fF) (ps)  (ps)    (ps)    
----------------------------------------------------------------------------------------
(clock sys_clk)                   launch                                            0 R 
(constraint.sdc_line_15_3_1)      ext delay                            +33000   33000 R 
tx_wr_en                          in port                  1  9.6   75    +49   33049 R 
tx_inst/wr_en 
  fifo_inst/wr_en 
    write_pointer_inst/wr_en 
      g64__2883/B                                                          +0   33049   
      g64__2883/Y                 CLKAND2X2_LP(slow)       6 44.6  524   +566   33615 R 
    write_pointer_inst/can_write 
    memory_inst/can_write 
      g251/B                                                               +0   33615   
      g251/Y                      NAND2X1_LP(slow)         5 38.9  930   +964   34580 F 
      g250/A                                                               +0   34580   
      g250/Y                      INVX1_LP(slow)           1  9.8  444   +694   35273 R 
      g247/B                                                               +0   35273   
      g247/Y                      AND2X1(slow)             3 20.7  255   +471   35744 R 
      g246/A                                                               +0   35744   
      g246/Y                      INVX1_LP(slow)           2 18.6  253   +325   36068 F 
      g232/C                                                               +0   36068   
      g232/Y                      NOR3X2_LP(slow)          1  9.7  499   +488   36557 R 
      pow_opt_RC_CG_HIER_INST11/enable 
        RC_CGIC_INST/E       <<<  ICGPRECX1(slow)                          +0   36557   
        RC_CGIC_INST/CK           setup                              0   +369   36926 F 
- - - - - - - - - - - - - - - - - - - - - - - - - - - - - - - - - - - - - - - - - - - - 
(clock sys_clk)                   capture                                       41665 F 
                                  uncertainty                           -2000   39665 F 
----------------------------------------------------------------------------------------
Cost Group   : 'cg_enable_group_sys_clk' (path_group 'cg_enable_group_sys_clk')
Timing slack :    2739ps 
Start-point  : tx_wr_en
End-point    : tx_inst/fifo_inst/memory_inst/pow_opt_RC_CG_HIER_INST11/RC_CGIC_INST/E

