============================================================
  Generated by:           Genus(TM) Synthesis Solution 23.10-p004_1
  Generated on:           May 13 2026  04:15:23 pm
  Module:                 uart_top
  Library domain:         slow
    Domain index:         0
    Technology libraries: sky130_ss_1.62_125_LP 1.0
                          physical_cells 
  Library domain:         fast
    Domain index:         1
    Technology libraries: sky130_ff_1.98_0_LP 1.0
                          physical_cells 
  Library domain:         typ
    Domain index:         2
    Technology libraries: sky130_tt_1.8_25 1.0
                          physical_cells 
  Operating conditions:   ss_1.62_125 
  Operating conditions:   ff_1.98_0 
  Operating conditions:   tt_1.8_25 
  Interconnect mode:      global
  Area mode:              physical library
============================================================

                                     Leakage                           Library 
    Gate      Instances    Area    Power (nW)          Library          Domain 
-------------------------------------------------------------------------------
AND3X2_LP             9    137.117      0.258    sky130_ss_1.62_125_LP    slow 
AOI211X2_LP           5     66.654      0.074    sky130_ss_1.62_125_LP    slow 
AOI21X2_LP           16    182.822      0.223    sky130_ss_1.62_125_LP    slow 
AOI221X1_LP          52    891.259      0.651    sky130_ss_1.62_125_LP    slow 
AOI222X2_LP           7    133.308      0.133    sky130_ss_1.62_125_LP    slow 
AOI22X2_LP           35    466.578      0.467    sky130_ss_1.62_125_LP    slow 
CLKAND2X2_LP         51    582.746      0.644    sky130_ss_1.62_125_LP    slow 
CLKBUFX2_LP           7     79.985      0.107    sky130_ss_1.62_125_LP    slow 
CLKINVX1_LP          10     95.220      0.080    sky130_ss_1.62_125_LP    slow 
DFFRX1_LP            18    719.863      1.790    sky130_ss_1.62_125_LP    slow 
DFFX1_LP            335  12759.480     31.112    sky130_ss_1.62_125_LP    slow 
INVX1_LP            167   1272.139      1.313    sky130_ss_1.62_125_LP    slow 
INVX4_LP              1      9.522      0.010    sky130_ss_1.62_125_LP    slow 
NAND2X2_LP           94    895.068      0.708    sky130_ss_1.62_125_LP    slow 
NAND3X2_LP            7     79.985      0.043    sky130_ss_1.62_125_LP    slow 
NAND4X2_LP            3     39.992      0.025    sky130_ss_1.62_125_LP    slow 
NOR2X2_LP           122   1161.684      0.965    sky130_ss_1.62_125_LP    slow 
NOR2X4_LP             1     13.331      0.015    sky130_ss_1.62_125_LP    slow 
NOR3X2_LP            15    171.396      0.107    sky130_ss_1.62_125_LP    slow 
NOR4X2_LP             4     53.323      0.028    sky130_ss_1.62_125_LP    slow 
OAI211X2_LP          19    253.285      0.241    sky130_ss_1.62_125_LP    slow 
OAI21X2_LP           29    331.366      0.308    sky130_ss_1.62_125_LP    slow 
OAI221X2_LP          36    548.467      0.479    sky130_ss_1.62_125_LP    slow 
OAI222X2_LP          16    304.704      0.230    sky130_ss_1.62_125_LP    slow 
OR2X1_LP             46    525.614      0.835    sky130_ss_1.62_125_LP    slow 
SDFFSX1_LP            2     99.029      0.253    sky130_ss_1.62_125_LP    slow 
TLATX1_LP            37   1127.405      2.250    sky130_ss_1.62_125_LP    slow 
XNOR2X2_LP            5     85.698      0.231    sky130_ss_1.62_125_LP    slow 
XOR2X2_LP             3     51.419      0.120    sky130_ss_1.62_125_LP    slow 
-------------------------------------------------------------------------------
total              1152  23138.460     43.700                          


                                            Leakage  Leakage 
     Type      Instances    Area   Area % Power (nW) Power % 
-------------------------------------------------------------
sequential           392 14705.777   63.6     35.405    81.0 
inverter             178  1376.881    6.0      1.402     3.2 
buffer                 7    79.985    0.3      0.107     0.2 
logic                575  6975.817   30.1      6.785    15.5 
physical_cells         0     0.000    0.0      0.000     0.0 
-------------------------------------------------------------
total               1152 23138.460  100.0     43.700   100.0 

