============================================================
  Generated by:           Genus(TM) Synthesis Solution 23.10-p004_1
  Generated on:           May 13 2026  04:14:53 pm
  Module:                 uart_top
  Library domain:         slow
    Domain index:         0
    Technology libraries: sky130_ss_1.62_125_LP 1.0
                          physical_cells 
  Library domain:         fast
    Domain index:         1
    Technology libraries: sky130_ff_1.98_0_LP 1.0
                          physical_cells 
  Library domain:         typ
    Domain index:         2
    Technology libraries: sky130_tt_1.8_25 1.0
                          physical_cells 
  Operating conditions:   ss_1.62_125 
  Operating conditions:   ff_1.98_0 
  Operating conditions:   tt_1.8_25 
  Interconnect mode:      global
  Area mode:              physical library
============================================================

Timing
--------

 Clock   Period 
----------------
sys_clk 83330.0 


          Cost            Critical         Violating 
         Group           Path Slack  TNS     Paths   
-----------------------------------------------------
cg_enable_group_sys_clk      5106.7   0.0          0 
default                    No paths   0.0            
sys_clk                     38621.0   0.0          0 
-----------------------------------------------------
Total                                 0.0          0 

Instance Count
--------------
Leaf Instance Count             1559 
Physical Instance count            0 
Sequential Instance Count        394 
Combinational Instance Count    1165 
Hierarchical Instance Count       55 

Area
----
Cell Area                          28914.838
Physical Cell Area                 0.000
Total Cell Area (Cell+Physical)    28914.838
Net Area                           156.648
Total Area (Cell+Physical+Net)     29071.486

Runtime                            0.0 seconds
Elapsed Runtime                    38 seconds
Genus peak memory usage            1653.55 
Innovus peak memory usage          no_value 
Hostname                           localhost-0
