============================================================
  Generated by:           Genus(TM) Synthesis Solution 23.10-p004_1
  Generated on:           May 13 2026  04:15:06 pm
  Module:                 uart_top
  Library domain:         slow
    Domain index:         0
    Technology libraries: sky130_ss_1.62_125_LP 1.0
                          physical_cells 
  Library domain:         fast
    Domain index:         1
    Technology libraries: sky130_ff_1.98_0_LP 1.0
                          physical_cells 
  Library domain:         typ
    Domain index:         2
    Technology libraries: sky130_tt_1.8_25 1.0
                          physical_cells 
  Operating conditions:   ss_1.62_125 
  Operating conditions:   ff_1.98_0 
  Operating conditions:   tt_1.8_25 
  Interconnect mode:      global
  Area mode:              physical library
============================================================

        Instance                                  Module                           Cell-Count  Cell-Area  Net-Area   Total-Area 
--------------------------------------------------------------------------------------------------------------------------------
uart_top                 NA                                                              1204  23677.405 21975.197    45652.603 
  rx_inst                uart_rx_module_DATA_WIDTH8_FIFO_DEPTH16_FIFO_ADDR_WIDTH4         624  12190.064 10979.733    23169.797 
    bau_gen_inst         baurate_gen_BAUDCOUNT78                                           35    571.320   647.678     1218.998 
    fifo_inst            FIFO_DEPTH16_ADDR_WIDTH4_DATA_WIDTH8                             455   9363.935  7024.378    16388.313 
      memory_inst        FIFO_Memory_DEPTH16_DATA_WIDTH8                                  363   8086.082  5252.384    13338.467 
      read_pointer_inst  FIFO_Read_Pointer_ADDR_WIDTH4                                     22    363.740   285.179      648.920 
      state_inst         FIFO_State_ADDR_WIDTH4                                            48    550.372   797.631     1348.003 
      write_pointer_inst FIFO_Write_Pointer_ADDR_WIDTH4                                    22    363.740   259.741      623.481 
    uart_rx_inst         uart_rx_DATA_WIDTH8                                              131   2193.869  2355.741     4549.609 
  tx_inst                uart_tx_module_DATA_WIDTH8                                       580  11487.341  9683.707    21171.048 
    bau_gen_inst         baurate_gen_BAUDCOUNT78_87                                        35    573.224   647.678     1220.902 
    fifo_inst            FIFO_DEPTH16_ADDR_WIDTH4_DATA_WIDTH8_82                          446   9291.568  6932.331    16223.898 
      memory_inst        FIFO_Memory_DEPTH16_DATA_WIDTH8_83                               354   8013.715  5153.978    13167.693 
      read_pointer_inst  FIFO_Read_Pointer_ADDR_WIDTH4_84                                  22    363.740   285.179      648.920 
      state_inst         FIFO_State_ADDR_WIDTH4_85                                         48    550.372   797.631     1348.003 
      write_pointer_inst FIFO_Write_Pointer_ADDR_WIDTH4_86                                 22    363.740   259.741      623.481 
    uart_tx_inst         uart_tx_DATAWIDTH8                                                94   1550.182  1850.317     3400.499 
