============================================================
  Generated by:           Genus(TM) Synthesis Solution 23.10-p004_1
  Generated on:           May 13 2026  04:15:07 pm
  Module:                 uart_top
  Library domain:         slow
    Domain index:         0
    Technology libraries: sky130_ss_1.62_125_LP 1.0
                          physical_cells 
  Library domain:         fast
    Domain index:         1
    Technology libraries: sky130_ff_1.98_0_LP 1.0
                          physical_cells 
  Library domain:         typ
    Domain index:         2
    Technology libraries: sky130_tt_1.8_25 1.0
                          physical_cells 
  Operating conditions:   ss_1.62_125 
  Operating conditions:   ff_1.98_0 
  Operating conditions:   tt_1.8_25 
  Interconnect mode:      global
  Area mode:              physical library
============================================================

                                     Leakage                           Library 
    Gate      Instances    Area    Power (nW)          Library          Domain 
-------------------------------------------------------------------------------
AND3X2_LP             9    137.117      0.258    sky130_ss_1.62_125_LP    slow 
AOI211X2_LP           5     66.654      0.074    sky130_ss_1.62_125_LP    slow 
AOI21X2_LP           16    182.822      0.222    sky130_ss_1.62_125_LP    slow 
AOI221X1_LP          52    891.259      0.647    sky130_ss_1.62_125_LP    slow 
AOI222X2_LP           7    133.308      0.133    sky130_ss_1.62_125_LP    slow 
AOI22X2_LP           35    466.578      0.467    sky130_ss_1.62_125_LP    slow 
CLKAND2X2_LP         53    605.599      0.668    sky130_ss_1.62_125_LP    slow 
CLKBUFX2_LP          20    228.528      0.313    sky130_ss_1.62_125_LP    slow 
CLKINVX1_LP          18    171.396      0.145    sky130_ss_1.62_125_LP    slow 
DFFRX1_LP            18    719.863      1.790    sky130_ss_1.62_125_LP    slow 
DFFX1_LP            335  12759.480     31.112    sky130_ss_1.62_125_LP    slow 
INVX1_LP            184   1401.638      1.450    sky130_ss_1.62_125_LP    slow 
INVX4_LP              9     85.698      0.114    sky130_ss_1.62_125_LP    slow 
NAND2X1_LP            5     47.610      0.031    sky130_ss_1.62_125_LP    slow 
NAND2X2_LP           86    818.892      0.651    sky130_ss_1.62_125_LP    slow 
NAND3X1_LP            2     22.853      0.015    sky130_ss_1.62_125_LP    slow 
NAND3X2_LP            6     68.558      0.032    sky130_ss_1.62_125_LP    slow 
NAND4X2_LP            3     39.992      0.025    sky130_ss_1.62_125_LP    slow 
NOR2X2_LP           123   1171.206      0.978    sky130_ss_1.62_125_LP    slow 
NOR3X2_LP            15    171.396      0.107    sky130_ss_1.62_125_LP    slow 
NOR4X2_LP             4     53.323      0.028    sky130_ss_1.62_125_LP    slow 
OAI211X2_LP          19    253.285      0.241    sky130_ss_1.62_125_LP    slow 
OAI21X2_LP           29    331.366      0.308    sky130_ss_1.62_125_LP    slow 
OAI221X2_LP          36    548.467      0.479    sky130_ss_1.62_125_LP    slow 
OAI222X2_LP          16    304.704      0.230    sky130_ss_1.62_125_LP    slow 
OR2X1_LP             50    571.320      0.903    sky130_ss_1.62_125_LP    slow 
SDFFSX1_LP            2     99.029      0.253    sky130_ss_1.62_125_LP    slow 
TLATX1_LP            39   1188.346      2.376    sky130_ss_1.62_125_LP    slow 
XNOR2X2_LP            5     85.698      0.231    sky130_ss_1.62_125_LP    slow 
XOR2X2_LP             3     51.419      0.120    sky130_ss_1.62_125_LP    slow 
-------------------------------------------------------------------------------
total              1204  23677.405     44.403                          


                                            Leakage  Leakage 
     Type      Instances    Area   Area % Power (nW) Power % 
-------------------------------------------------------------
sequential           394 14766.718   62.4     35.531    80.0 
inverter             211  1658.732    7.0      1.709     3.8 
buffer                20   228.528    1.0      0.313     0.7 
logic                579  7023.427   29.7      6.850    15.4 
physical_cells         0     0.000    0.0      0.000     0.0 
-------------------------------------------------------------
total               1204 23677.405  100.0     44.403   100.0 

