============================================================
  Generated by:           Genus(TM) Synthesis Solution 23.10-p004_1
  Generated on:           May 13 2026  04:15:20 pm
  Module:                 uart_top
  Library domain:         slow
    Domain index:         0
    Technology libraries: sky130_ss_1.62_125_LP 1.0
                          physical_cells 
  Library domain:         fast
    Domain index:         1
    Technology libraries: sky130_ff_1.98_0_LP 1.0
                          physical_cells 
  Library domain:         typ
    Domain index:         2
    Technology libraries: sky130_tt_1.8_25 1.0
                          physical_cells 
  Operating conditions:   ss_1.62_125 
  Operating conditions:   ff_1.98_0 
  Operating conditions:   tt_1.8_25 
  Interconnect mode:      global
  Area mode:              physical library
============================================================

        Instance                                  Module                           Cell-Count  Cell-Area  Net-Area   Total-Area 
--------------------------------------------------------------------------------------------------------------------------------
uart_top                 NA                                                              1152  23138.460 21362.999    44501.459 
  rx_inst                uart_rx_module_DATA_WIDTH8_FIFO_DEPTH16_FIFO_ADDR_WIDTH4         595  11887.265 10634.639    22521.904 
    bau_gen_inst         baurate_gen_BAUDCOUNT78                                           34    563.702   641.318     1205.021 
    fifo_inst            FIFO_DEPTH16_ADDR_WIDTH4_DATA_WIDTH8                             431   9106.841  6724.471    15831.312 
      memory_inst        FIFO_Memory_DEPTH16_DATA_WIDTH8                                  352   7950.870  5185.776    13136.646 
      read_pointer_inst  FIFO_Read_Pointer_ADDR_WIDTH4                                     14    257.094   155.978      413.072 
      state_inst         FIFO_State_ADDR_WIDTH4                                            41    497.048   636.298     1133.346 
      write_pointer_inst FIFO_Write_Pointer_ADDR_WIDTH4                                    20    340.888   208.194      549.082 
    uart_rx_inst         uart_rx_DATA_WIDTH8                                              127   2155.781  2316.913     4472.694 
  tx_inst                uart_tx_module_DATA_WIDTH8                                       556  11239.769  9409.909    20649.677 
    bau_gen_inst         baurate_gen_BAUDCOUNT78_87                                        34    563.702   641.318     1205.021 
    fifo_inst            FIFO_DEPTH16_ADDR_WIDTH4_DATA_WIDTH8_82                          426   9074.466  6691.000    15765.466 
      memory_inst        FIFO_Memory_DEPTH16_DATA_WIDTH8_83                               347   7918.495  5120.506    13039.001 
      read_pointer_inst  FIFO_Read_Pointer_ADDR_WIDTH4_84                                  14    257.094   155.978      413.072 
      state_inst         FIFO_State_ADDR_WIDTH4_85                                         41    497.048   636.298     1133.346 
      write_pointer_inst FIFO_Write_Pointer_ADDR_WIDTH4_86                                 20    340.888   208.194      549.082 
    uart_tx_inst         uart_tx_DATAWIDTH8                                                91   1529.233  1824.209     3353.443 
