============================================================
  Generated by:           Genus(TM) Synthesis Solution 23.10-p004_1
  Generated on:           May 13 2026  04:15:24 pm
  Module:                 uart_top
  Library domain:         slow
    Domain index:         0
    Technology libraries: sky130_ss_1.62_125_LP 1.0
                          physical_cells 
  Library domain:         fast
    Domain index:         1
    Technology libraries: sky130_ff_1.98_0_LP 1.0
                          physical_cells 
  Library domain:         typ
    Domain index:         2
    Technology libraries: sky130_tt_1.8_25 1.0
                          physical_cells 
  Operating conditions:   ss_1.62_125 
  Operating conditions:   ff_1.98_0 
  Operating conditions:   tt_1.8_25 
  Interconnect mode:      global
  Area mode:              physical library
============================================================

            Pin                        Type         Fanout Load Slew  Delay Arrival   
                                      (Domain)             (fF) (ps)  (ps)    (ps)    
--------------------------------------------------------------------------------------
(clock sys_clk)                   launch                                          0 R 
(constraint.sdc_line_15_3_1)      ext delay                          +33000   33000 R 
tx_wr_en                          in port                1  9.6  147    +95   33095 R 
tx_inst/wr_en 
  fifo_inst/wr_en 
    write_pointer_inst/wr_en 
      g58/A                                                              +0   33096   
      g58/Y                       INVX1_LP(slow)         1 11.2  152   +199   33294 F 
      g64__8428/B                                                        +0   33294   
      g64__8428/Y                 NOR2X2_LP(slow)        7 51.5 1372  +1111   34405 R 
    write_pointer_inst/can_write 
    memory_inst/can_write 
      g181/B                                                             +0   34405   
      g181/Y                      NAND2X2_LP(slow)       5 38.9  632   +847   35252 F 
      g1026/A                                                            +0   35252   
      g1026/Y                     INVX1_LP(slow)         1 11.3  400   +596   35848 R 
      g1025__6783/B                                                      +0   35848   
      g1025__6783/Y               NAND2X2_LP(slow)       4 33.2  497   +458   36306 F 
      g2866__4733/C                                                      +0   36306   
      g2866__4733/Y               NOR3X2_LP(slow)        1  9.5  515   +593   36899 R 
      pow_opt_RC_CG_HIER_INST16/enable 
        g11__1881/B                                                      +0   36899   
        g11__1881/Y               OR2X1_LP(slow)         1  9.4  272   +446   37345 R 
        enl_reg/D            <<<  TLATX1_LP(slow)                        +0   37345   
- - - - - - - - - - - - - - - - - - - - - - - - - - - - - - - - - - - - - - - - - - - 
(clock sys_clk)                   open                                        41665 F 
                                  uncertainty                         -2000   39665 F 
        enl_reg/G                 borrowed                               +0   39665   
--------------------------------------------------------------------------------------
Cost Group   : 'cg_enable_group_sys_clk' (path_group 'cg_enable_group_sys_clk')
Timing slack :    2320ps 
Start-point  : tx_wr_en
End-point    : tx_inst/fifo_inst/memory_inst/pow_opt_RC_CG_HIER_INST16/enl_reg/D

