Command: report datapath ./reports/generic/uart_top_datapath.rpt
Warning: '-sort' is not specified. By default, 'report datapath' orders the components based on instance name
============================================================
  Generated by:           Genus(TM) Synthesis Solution 23.10-p004_1
  Generated on:           May 11 2026  10:26:52 pm
  Module:                 uart_top
  Library domain:         slow
    Domain index:         0
    Technology library:   sky130_ss_1.62_125 1.0
  Library domain:         fast
    Domain index:         1
    Technology library:   sky130_ff_1.98_0 1.0
  Library domain:         typ
    Domain index:         2
    Technology library:   sky130_tt_1.8_25 1.0
  Operating conditions:   ss_1.62_125 
  Operating conditions:   ff_1.98_0 
  Operating conditions:   tt_1.8_25 
  Interconnect mode:      global
  Area mode:              physical library
============================================================


      Type       CellArea Percentage 
-------------------------------------
datapath modules     0.00       0.00 
external muxes       0.00       0.00 
others           27683.32     100.00 
-------------------------------------
total            27683.32     100.00 

